 MESSAGE (tempering_init_from_acemd): INITIALIZING TEMPERING PLUGIN
