
 *********************************************************************************************
 (test3d-1) 
 Test case for solving 3D Poisson equation using CHES
 Laplacian U  = f
 U = ( 1 - exp (-4 * x) ) * cos (2 * pi * 1 * y) * sin (2 * pi * 2 * z) ; Dirichlet boundary conditions
 *********************************************************************************************
 Generating test data...
 Preparing input file...
 Running CHES...
 MESSAGE (FILES_OPEN): Opening FORMATTED file "test.dat" for reading.
 MESSAGE (PARSE_FILE): Reading input file.
 MESSAGE (PARSE_FILE): nx <= 98
 MESSAGE (PARSE_FILE): ny <= 98
 MESSAGE (PARSE_FILE): nz <= 98
 MESSAGE (PARSE_FILE): xgrid <= exp
 MESSAGE (PARSE_FILE): xstretch <= 1.0
 MESSAGE (PARSE_FILE): x0 <= 0
 MESSAGE (PARSE_FILE): x1 <= 1
 MESSAGE (PARSE_FILE): ygrid <= exp
 MESSAGE (PARSE_FILE): ystretch <= 1.0
 MESSAGE (PARSE_FILE): y0 <= 0
 MESSAGE (PARSE_FILE): y1 <= 2
 MESSAGE (PARSE_FILE): zgrid <= exp
 MESSAGE (PARSE_FILE): zstretch <= 1.0
 MESSAGE (PARSE_FILE): z0 <= 0
 MESSAGE (PARSE_FILE): z1 <= 1.5
 MESSAGE (PARSE_FILE): bcx0 <= dirichlet
 MESSAGE (PARSE_FILE): bcx0file <= xbc0_test.dat
 MESSAGE (PARSE_FILE): bcx1 <= dirichlet
 MESSAGE (PARSE_FILE): bcx1file <= xbc1_test.dat
 MESSAGE (PARSE_FILE): bcy0 <= dirichlet
 MESSAGE (PARSE_FILE): bcy0file <= ybc0_test.dat
 MESSAGE (PARSE_FILE): bcy1 <= dirichlet
 MESSAGE (PARSE_FILE): bcy1file <= ybc1_test.dat
 MESSAGE (PARSE_FILE): bcz0 <= dirichlet
 MESSAGE (PARSE_FILE): bcz0file <= zbc0_test.dat
 MESSAGE (PARSE_FILE): bcz1 <= dirichlet
 MESSAGE (PARSE_FILE): bcz1file <= zbc1_test.dat
 MESSAGE (PARSE_FILE): epsinit <= constant
 MESSAGE (PARSE_FILE): epsconst <= 1.
 MESSAGE (PARSE_FILE): kappainit <= constant
 MESSAGE (PARSE_FILE): kappaconst <= 0.
 MESSAGE (PARSE_FILE): chargeinit <= file
 MESSAGE (PARSE_FILE): chargefile <= rhs_test.dat
 MESSAGE (PARSE_FILE): charge_mode <= text
 MESSAGE (PARSE_FILE): charge_format <= chest
 MESSAGE (PARSE_FILE): phiinit <= constant
 MESSAGE (PARSE_FILE): phiconst <= 0.
 MESSAGE (PARSE_FILE): solver <= multigrid
 MESSAGE (PARSE_FILE): multigrid_maximum_cycles <= 25
 MESSAGE (PARSE_FILE): multigrid_smooth_iterations <= 2
 MESSAGE (PARSE_FILE): multigrid_maximum_levels <= 20
 MESSAGE (PARSE_FILE): multigrid_smoother <= Gauss-Seidel
 MESSAGE (PARSE_FILE): multigrid_omega <= 1.2
 MESSAGE (PARSE_FILE): output_format <= plot3d
 MESSAGE (PARSE_FILE): output_mode <= text
 MESSAGE (PARSE_FILE): gridoutput <= xyz_test.xyz
 MESSAGE (PARSE_FILE): potoutput <= solution.dat
 MESSAGE (PARSE_FILE): Input file read.
 MESSAGE (FILES_CLOSE): Closing unit 101 
 MESSAGE (PB_INIT): Initializing grid variables.
 MESSAGE (GRID_INITIALIZE): ============== GRID INITIALIZED ==============                                  
 MESSAGE (GRID_INITIALIZE): Global domain size:    98   98   98 (    884736 DOF )                           
 MESSAGE (GRID_INITIALIZE): dx max    =      1.0416687E-002                                                 
 MESSAGE (GRID_INITIALIZE): dx min    =      1.0416627E-002                                                 
 MESSAGE (GRID_INITIALIZE): dy max    =      2.0833373E-002                                                 
 MESSAGE (GRID_INITIALIZE): dy min    =      2.0833254E-002                                                 
 MESSAGE (GRID_INITIALIZE): dz max    =      1.5625000E-002                                                 
 MESSAGE (GRID_INITIALIZE): dz min    =      1.5625000E-002                                                 
 MESSAGE (GRID_INITIALIZE): dx/dy max =      5.0000286E-001                                                 
 MESSAGE (GRID_INITIALIZE): dx/dy min =      4.9999714E-001                                                 
 MESSAGE (GRID_INITIALIZE): dx/dz max =      6.6666794E-001                                                 
 MESSAGE (GRID_INITIALIZE): dx/dz min =      6.6666412E-001                                                 
 MESSAGE (GRID_INITIALIZE): dy/dz max =      1.3333359E+000                                                 
 MESSAGE (GRID_INITIALIZE): dy/dz min =      1.3333282E+000                                                 
 MESSAGE (GRID_INITIALIZE): =============================================                                   
 MESSAGE (PB_INIT): Initializing state variables.
 MESSAGE (STATE_INITIALIZE): Will initialize variable "CHARGE" from file "rhs_test.dat"
 MESSAGE (STATE_INITIALIZE): Using ASCII mode
 MESSAGE (STATE_INITIALIZE): CHEST format will be used
 MESSAGE (FILES_OPEN): Opening FORMATTED file "rhs_test.dat" for reading.
 MESSAGE (FILES_CLOSE): Closing unit 101 
 MESSAGE (CHEST_READ_SCALAR): ASCII scalar file "rhs_test.dat" read.
 MESSAGE (PB_INIT): Initializing boundary condition variables.
 MESSAGE (BC_INITIALIZE): Reading boundary conditions from file xbc0_test.dat
 MESSAGE (FILES_OPEN): Opening FORMATTED file "xbc0_test.dat" for reading.
 MESSAGE (FILES_CLOSE): Closing unit 101 
 MESSAGE (BC_INITIALIZE): Reading boundary conditions from file xbc1_test.dat
 MESSAGE (FILES_OPEN): Opening FORMATTED file "xbc1_test.dat" for reading.
 MESSAGE (FILES_CLOSE): Closing unit 101 
 MESSAGE (BC_INITIALIZE): Reading boundary conditions from file ybc0_test.dat
 MESSAGE (FILES_OPEN): Opening FORMATTED file "ybc0_test.dat" for reading.
 MESSAGE (FILES_CLOSE): Closing unit 101 
 MESSAGE (BC_INITIALIZE): Reading boundary conditions from file ybc1_test.dat
 MESSAGE (FILES_OPEN): Opening FORMATTED file "ybc1_test.dat" for reading.
 MESSAGE (FILES_CLOSE): Closing unit 101 
 MESSAGE (BC_INITIALIZE): Reading boundary conditions from file zbc0_test.dat
 MESSAGE (FILES_OPEN): Opening FORMATTED file "zbc0_test.dat" for reading.
 MESSAGE (FILES_CLOSE): Closing unit 101 
 MESSAGE (BC_INITIALIZE): Reading boundary conditions from file zbc1_test.dat
 MESSAGE (FILES_OPEN): Opening FORMATTED file "zbc1_test.dat" for reading.
 MESSAGE (FILES_CLOSE): Closing unit 101 
 MESSAGE (MULTIGRID_INIT): Setting maximum number of grid levels to 20
 MESSAGE (MULTIGRID_INIT): Setting multigrid smoother to "GAUSS-SEIDEL"
 MESSAGE (MULTIGRID_INIT): Setting number of smoother iterations to 2
 MESSAGE (MULTIGRID_INIT): Setting maximum number of cycles to 25
 NONFATAL WARNING (MULTIGRID_INIT): maximum residual unspecified. Defaulting to     0.4999999987E-06
 MESSAGE (MULTIGRID_INIT): Setting over-relaxation parameter to 1.2
 MESSAGE (MULTIGRID_INIT): NUMBER OF MULTIGRID LEVELS IS 6 
 MESSAGE (PB_SOLVE): CALLING MULTIGRID SOLVER
 MESSAGE (MULTIGRID_SOLVE): Maximum residual after cycle 0 :       7.2558427E-001 @[ 97 ,97 ,57 ]
 MESSAGE (MULTIGRID_SOLVE): Maximum residual after cycle 1  :       6.1750419E-002 @[ 97 ,97 ,97 ]
 MESSAGE (MULTIGRID_SOLVE): Maximum residual after cycle 2  :       7.1833357E-003 @[ 96 ,97 ,97 ]
 MESSAGE (MULTIGRID_SOLVE): Maximum residual after cycle 3  :       6.0401112E-004 @[ 94 ,97 ,97 ]
 MESSAGE (MULTIGRID_SOLVE): Maximum residual after cycle 4  :       4.3615699E-005 @[ 89 ,97 ,97 ]
 MESSAGE (MULTIGRID_SOLVE): Maximum residual after cycle 5  :       2.9280782E-006 @[ 87 ,97 ,97 ]
 MESSAGE (MULTIGRID_SOLVE): Maximum residual after cycle 6  :       4.1723251E-007 @[ 97 ,97 ,92 ]
 MESSAGE (PB_OUTPUT): PLOT3D format will be used for output
 MESSAGE (PB_OUTPUT): Using ASCII mode
 MESSAGE (PB_OUTPUT): Writing potential to file "solution.dat"
 MESSAGE (FILES_OPEN): Opening FORMATTED file "solution.dat" for writing.
 MESSAGE (FILES_CLOSE): Closing unit 101 
 MESSAGE (PLOT3DWRITE_SCALAR): ASCII scalar file "solution.dat" written.
 MESSAGE (PB_OUTPUT): Writing grid to file "xyz_test.xyz"
 MESSAGE (FILES_OPEN): Opening FORMATTED file "xyz_test.xyz" for writing.
 MESSAGE (FILES_CLOSE): Closing unit 101 
 MESSAGE (PLOT3DWRITE_GRID): ASCII grid file "xyz_test.xyz" written.
 Comparing to analytical solution...
 The maximum absolute error is 0.002615571022 at grid point [69,24,73]
 Comparing with maximum allowed error (0.01)
 TEST PASSED
 ********************************************************************************************
