
 *********************************************************************************************
 (test2d-4) 
 Test case for solving 2D Poisson equation using CHES
 Laplacian U  = f
 U = ( 1 - exp (-5 * x) ) * cos (2 * pi * 1 * y); 
 Dirichlet boundary conditions assigned on the boundary;
 Jacobi smoother with step (omega) = 0.89 .
 *********************************************************************************************
 Generating test data...
./test2d-4: line 128: f77: command not found
./test2d-4: line 128: ./test: No such file or directory
 Preparing input file...
 Running CHES...
 MESSAGE (PARSE_FILE): Reading input file.
forrtl: severe (174): SIGSEGV, segmentation fault occurred
Image              PC        Routine            Line        Source             
ches               0817FEAB  Unknown               Unknown  Unknown

Stack trace terminated abnormally.
 Comparing to analytical solution...
./test2d-4: line 240: f77: command not found
./test2d-4: line 245: ./compare: No such file or directory
(standard_in) 1: syntax error
./test2d-4: line 248: [: -eq: unary operator expected
 The maximum absolute error is  at grid point [,]
 Comparing with maximum allowed error (0.01)
(standard_in) 1: syntax error
./test2d-4: line 256: [: -eq: unary operator expected
 TEST FAILED
 ********************************************************************************************
