
 *********************************************************************************************
 (test2d-2) 
 Test case for solving 2D Poisson equation using CHES
 Laplacian U  = f
 U = ( 1 - exp (-5 * x) ) * cos (2 * pi * 1 * y); Dirichlet boundary conditions at ghostcell
 *********************************************************************************************
 Generating test data...
fpp: warning: keyword redefined: SIZE
ipo: remark #11001: performing single-file optimizations
ipo: remark #11006: generating object file /tmp/ipo_ifortMZw5rk.o
 Preparing input file...
 Running CHES...
 MESSAGE (FILES_OPEN): Opening FORMATTED file "test.dat" for reading.
 MESSAGE (PARSE_FILE): Reading input file.
 MESSAGE (PARSE_FILE): nx <= 258
 MESSAGE (PARSE_FILE): ny <= 258
 MESSAGE (PARSE_FILE): xgrid <= exp
 MESSAGE (PARSE_FILE): xstretch <= 1.0
 MESSAGE (PARSE_FILE): x0 <= 0
 MESSAGE (PARSE_FILE): x1 <= 1
 MESSAGE (PARSE_FILE): ygrid <= exp
 MESSAGE (PARSE_FILE): ystretch <= 1.0
 MESSAGE (PARSE_FILE): y0 <= 0
 MESSAGE (PARSE_FILE): y1 <= 2
 MESSAGE (PARSE_FILE): bcx0 <= dirichletg
 MESSAGE (PARSE_FILE): bcx0file <= xbc0_test.dat
 MESSAGE (PARSE_FILE): bcx1 <= dirichletg
 MESSAGE (PARSE_FILE): bcx1file <= xbc1_test.dat
 MESSAGE (PARSE_FILE): bcy0 <= dirichletg
 MESSAGE (PARSE_FILE): bcy0file <= ybc0_test.dat
 MESSAGE (PARSE_FILE): bcy1 <= dirichletg
 MESSAGE (PARSE_FILE): bcy1file <= ybc1_test.dat
 MESSAGE (PARSE_FILE): epsinit <= constant
 MESSAGE (PARSE_FILE): epsconst <= 1.
 MESSAGE (PARSE_FILE): kappainit <= constant
 MESSAGE (PARSE_FILE): kappaconst <= 0.
 MESSAGE (PARSE_FILE): chargeinit <= file
 MESSAGE (PARSE_FILE): chargefile <= rhs_test.dat
 MESSAGE (PARSE_FILE): charge_mode <= text
 MESSAGE (PARSE_FILE): charge_format <= chest
 MESSAGE (PARSE_FILE): phiinit <= constant
 MESSAGE (PARSE_FILE): phiconst <= 0.
 MESSAGE (PARSE_FILE): solver <= multigrid
 MESSAGE (PARSE_FILE): multigrid_maximum_cycles <= 50
 MESSAGE (PARSE_FILE): multigrid_smooth_iterations <= 3
 MESSAGE (PARSE_FILE): multigrid_maximum_levels <= 20
 MESSAGE (PARSE_FILE): output_format <= plot3d
 MESSAGE (PARSE_FILE): output_mode <= text
 MESSAGE (PARSE_FILE): gridoutput <= xy_test.xyz
 MESSAGE (PARSE_FILE): potoutput <= solution.dat
 MESSAGE (PARSE_FILE): Input file read.
 MESSAGE (FILES_CLOSE): Closing unit 101 
 MESSAGE (SET_SIZE): NZ less than 4. Assuming 2D configuration (NZ = 3).
 MESSAGE (PB_INIT): Initializing grid variables.
 MESSAGE (GRID_INITIALIZE): ============== GRID INITIALIZED ==============                                  
 MESSAGE (GRID_INITIALIZE): Global domain size:   258  258    3 (     65536 DOF )                           
 MESSAGE (GRID_INITIALIZE): dx max    =      3.9062500E-003                                                 
 MESSAGE (GRID_INITIALIZE): dx min    =      3.9062500E-003                                                 
 MESSAGE (GRID_INITIALIZE): dy max    =      7.8125000E-003                                                 
 MESSAGE (GRID_INITIALIZE): dy min    =      7.8125000E-003                                                 
 MESSAGE (GRID_INITIALIZE): dx/dy max =      5.0000000E-001                                                 
 MESSAGE (GRID_INITIALIZE): dx/dy min =      5.0000000E-001                                                 
 MESSAGE (PB_INIT): Initializing state variables.
 MESSAGE (STATE_INITIALIZE): Will initialize variable "CHARGE" from file "rhs_test.dat"
 MESSAGE (STATE_INITIALIZE): Using ASCII mode
 MESSAGE (STATE_INITIALIZE): CHEST format will be used
 MESSAGE (FILES_OPEN): Opening FORMATTED file "rhs_test.dat" for reading.
 MESSAGE (FILES_CLOSE): Closing unit 101 
 MESSAGE (CHEST_READ_SCALAR): ASCII scalar file "rhs_test.dat" read.
 MESSAGE (PB_INIT): Initializing boundary condition variables.
 MESSAGE (BC_INITIALIZE): Reading boundary conditions from file xbc0_test.dat
 MESSAGE (FILES_OPEN): Opening FORMATTED file "xbc0_test.dat" for reading.
 MESSAGE (FILES_CLOSE): Closing unit 101 
 MESSAGE (BC_INITIALIZE): Reading boundary conditions from file xbc1_test.dat
 MESSAGE (FILES_OPEN): Opening FORMATTED file "xbc1_test.dat" for reading.
 MESSAGE (FILES_CLOSE): Closing unit 101 
 MESSAGE (BC_INITIALIZE): Reading boundary conditions from file ybc0_test.dat
 MESSAGE (FILES_OPEN): Opening FORMATTED file "ybc0_test.dat" for reading.
 MESSAGE (FILES_CLOSE): Closing unit 101 
 MESSAGE (BC_INITIALIZE): Reading boundary conditions from file ybc1_test.dat
 MESSAGE (FILES_OPEN): Opening FORMATTED file "ybc1_test.dat" for reading.
 MESSAGE (FILES_CLOSE): Closing unit 101 
 MESSAGE (MULTIGRID_INIT): 2D configuration specified
 MESSAGE (MULTIGRID_INIT): Setting maximum number of grid levels to 20
 NONFATAL WARNING (MULTIGRID_INIT):  Multigrid smoother unspecified. Defaulting to "GAUSS-SEIDEL"
 MESSAGE (MULTIGRID_INIT): Setting number of smoother iterations to 3
 MESSAGE (MULTIGRID_INIT): Setting maximum number of cycles to 50
 NONFATAL WARNING (MULTIGRID_INIT): Number of cycles before first convergence test unspecified. Defaulting to 0
 NONFATAL WARNING (MULTIGRID_INIT): compute-initial-residual unspecified. Defaulting to YES
 NONFATAL WARNING (MULTIGRID_INIT): maximum residual unspecified. Defaulting to     0.4999999987E-06
 NONFATAL WARNING (MULTIGRID_INIT): over-relaxation parameter unspecified. Defaulting to      1.000000000    
 MESSAGE (MULTIGRID_INIT): NUMBER OF MULTIGRID LEVELS IS 7 
 MESSAGE (PB_SOLVE): CALLING MULTIGRID SOLVER
 MESSAGE (MULTIGRID_SOLVE): Maximum residual after cycle 0 :       4.9674124E-001 @[ 257 ,2 ,2 ]
 MESSAGE (MULTIGRID_SOLVE): Maximum residual after cycle 1  :       5.6736767E-003 @[ 254 ,2 ,2 ]
 MESSAGE (MULTIGRID_SOLVE): Maximum residual after cycle 2  :       2.0968914E-004 @[ 253 ,255 ,2 ]
 MESSAGE (MULTIGRID_SOLVE): Maximum residual after cycle 3  :       1.2755394E-005 @[ 251 ,255 ,2 ]
 MESSAGE (MULTIGRID_SOLVE): Maximum residual after cycle 4  :       9.5367432E-007 @[ 250 ,255 ,2 ]
 MESSAGE (MULTIGRID_SOLVE): Maximum residual after cycle 5  :       2.0861626E-007 @[ 105 ,4 ,2 ]
 MESSAGE (MULTIGRID_SOLVE): ============= TIMING INFORMATION ==============
 MESSAGE (MULTIGRID_SOLVE): Time within multigrid cycle (s) :     0.7190000266E-01
 MESSAGE (MULTIGRID_SOLVE): Coarsening time (s) :     0.1799999853E-02
 MESSAGE (MULTIGRID_SOLVE): Refinement time (s) :     0.2299999818E-02
 MESSAGE (MULTIGRID_SOLVE): Smoothing time (s)  :     0.5160000175E-01
 MESSAGE (MULTIGRID_SOLVE): Residual time (s)   :     0.1289999951E-01
 MESSAGE (MULTIGRID_SOLVE): BC time (s)         :     0.7999999798E-03
 MESSAGE (MULTIGRID_SOLVE): Other time (s)      :     0.2499999013E-02
 MESSAGE (MULTIGRID_SOLVE): ===============================================
 MESSAGE (PB_OUTPUT): PLOT3D format will be used for output
 MESSAGE (PB_OUTPUT): Using ASCII mode
 MESSAGE (PB_OUTPUT): Writing potential to file "solution.dat"
 MESSAGE (FILES_OPEN): Opening FORMATTED file "solution.dat" for writing.
 MESSAGE (FILES_CLOSE): Closing unit 101 
 MESSAGE (PLOT3DWRITE_SCALAR): ASCII scalar file "solution.dat" written.
 MESSAGE (PB_OUTPUT): Writing grid to file "xy_test.xyz"
 MESSAGE (FILES_OPEN): Opening FORMATTED file "xy_test.xyz" for writing.
 MESSAGE (FILES_CLOSE): Closing unit 101 
 MESSAGE (PLOT3DWRITE_GRID): ASCII grid file "xy_test.xyz" written.
 MESSAGE (CHES): ============= TIMING INFORMATION ==============
 MESSAGE (CHES): PB initialization time (s) :     0.4010000080E-01
 MESSAGE (CHES): PB solution time (s)       :     0.8449999988E-01
 MESSAGE (CHES): PB ouput time (s)          :     0.6193000078    
 MESSAGE (CHES): PB finalization time (s)   :      0.000000000    
 MESSAGE (CHES): ===============================================
 Comparing to analytical solution...
fpp: warning: keyword redefined: SIZE
ipo: remark #11001: performing single-file optimizations
ipo: remark #11006: generating object file /tmp/ipo_ifortX5HRr3.o
 The maximum absolute error is 0.000076770782 at grid point [148,191]
 Comparing with maximum allowed error (0.01)
 TEST PASSED
 ********************************************************************************************
