
 *********************************************************************************************
 (test2d-2) 
 Test case for solving 2D Poisson equation using CHES
 Laplacian U  = f
 U = ( 1 - exp (-5 * x) ) * cos (2 * pi * 1 * y); Dirichlet and periodic boundary conditions
 *********************************************************************************************
 Generating test data...
./test2d-3: line 127: f77: command not found
./test2d-3: line 127: ./test: No such file or directory
 Preparing input file...
 Running CHES...
 MESSAGE (PARSE_FILE): Reading input file.
forrtl: severe (174): SIGSEGV, segmentation fault occurred
Image              PC        Routine            Line        Source             
ches               0817FEAB  Unknown               Unknown  Unknown

Stack trace terminated abnormally.
 Comparing to analytical solution...
./test2d-3: line 236: f77: command not found
./test2d-3: line 241: ./compare: No such file or directory
(standard_in) 1: syntax error
./test2d-3: line 244: [: -eq: unary operator expected
 The maximum absolute error is  at grid point [,]
 Comparing with maximum allowed error (0.01)
(standard_in) 1: syntax error
./test2d-3: line 252: [: -eq: unary operator expected
 TEST FAILED
 ********************************************************************************************
