
 *********************************************************************************************
 (test3d-1) 
 Test case for solving 3D Poisson equation using CHES
 Laplacian U  = f
 U = ( 1 - exp (-4 * x) ) * cos (2 * pi * 1 * y) * sin (2 * pi * 2 * z) ; 
 Dirichlet boundary conditions assigned on the boundary
 Jacobi smoother with step (omega) = 0.93 
 *********************************************************************************************
 Generating test data...
ipo: remark #11001: performing single-file optimizations
ipo: remark #11006: generating object file /tmp/ipo_ifortYWvxkx.o
 Preparing input file...
 Running CHES...
 MESSAGE (PARSE_FILE): Reading input file.
 MESSAGE (PARSE_FILE): nx <= 98
 MESSAGE (PARSE_FILE): ny <= 98
 MESSAGE (PARSE_FILE): nz <= 98
 MESSAGE (PARSE_FILE): xgrid <= exp
 MESSAGE (PARSE_FILE): xstretch <= 1.0
 MESSAGE (PARSE_FILE): x0 <= 0
 MESSAGE (PARSE_FILE): x1 <= 1
 MESSAGE (PARSE_FILE): ygrid <= exp
 MESSAGE (PARSE_FILE): ystretch <= 1.0
 MESSAGE (PARSE_FILE): y0 <= 0
 MESSAGE (PARSE_FILE): y1 <= 2
 MESSAGE (PARSE_FILE): zgrid <= exp
 MESSAGE (PARSE_FILE): zstretch <= 1.0
 MESSAGE (PARSE_FILE): z0 <= 0
 MESSAGE (PARSE_FILE): z1 <= 1.5
 MESSAGE (PARSE_FILE): bcx0 <= dirichlet
 MESSAGE (PARSE_FILE): bcx0file <= xbc0_test.dat
 MESSAGE (PARSE_FILE): bcx1 <= dirichlet
 MESSAGE (PARSE_FILE): bcx1file <= xbc1_test.dat
 MESSAGE (PARSE_FILE): bcy0 <= dirichlet
 MESSAGE (PARSE_FILE): bcy0file <= ybc0_test.dat
 MESSAGE (PARSE_FILE): bcy1 <= dirichlet
 MESSAGE (PARSE_FILE): bcy1file <= ybc1_test.dat
 MESSAGE (PARSE_FILE): bcz0 <= dirichlet
 MESSAGE (PARSE_FILE): bcz0file <= zbc0_test.dat
 MESSAGE (PARSE_FILE): bcz1 <= dirichlet
 MESSAGE (PARSE_FILE): bcz1file <= zbc1_test.dat
 MESSAGE (PARSE_FILE): epsinit <= constant
 MESSAGE (PARSE_FILE): epsconst <= 1.
 MESSAGE (PARSE_FILE): kappainit <= constant
 MESSAGE (PARSE_FILE): kappaconst <= 0.
 MESSAGE (PARSE_FILE): chargeinit <= file
 MESSAGE (PARSE_FILE): chargefile <= rhs_test.dat
 MESSAGE (PARSE_FILE): charge_mode <= text
 MESSAGE (PARSE_FILE): charge_format <= chest
 MESSAGE (PARSE_FILE): phiinit <= constant
 MESSAGE (PARSE_FILE): phiconst <= 0.
 MESSAGE (PARSE_FILE): solver <= multigrid
 MESSAGE (PARSE_FILE): multigrid_maximum_cycles <= 25
 MESSAGE (PARSE_FILE): multigrid_smooth_iterations <= 2
 MESSAGE (PARSE_FILE): multigrid_maximum_levels <= 20
 MESSAGE (PARSE_FILE): multigrid_smoother <= Jacobi
 MESSAGE (PARSE_FILE): multigrid_smoother <= Jacobi-Tiled-LM
 NONFATAL WARNING (PARAMS_UADD): Parameter "multigrid_smoother" is already present and has the value Jacobi. Will overwrite.
 MESSAGE (PARSE_FILE): multigrid_omega <= 0.93
 MESSAGE (PARSE_FILE): output_format <= plot3d
 MESSAGE (PARSE_FILE): output_mode <= text
 MESSAGE (PARSE_FILE): gridoutput <= xyz_test.xyz
 MESSAGE (PARSE_FILE): potoutput <= solution.dat
 MESSAGE (PARSE_FILE): Input file read.
 MESSAGE (PB_INIT): Initializing grid variables.
 MESSAGE (GRID_INITIALIZE): ============== GRID INITIALIZED ==============                                  
 MESSAGE (GRID_INITIALIZE): Global domain size:    98   98   98 (    884736 DOF )                           
 MESSAGE (GRID_INITIALIZE): dx max    =      1.0416667E-002                                                 
 MESSAGE (GRID_INITIALIZE): dx min    =      1.0416667E-002                                                 
 MESSAGE (GRID_INITIALIZE): dy max    =      2.0833333E-002                                                 
 MESSAGE (GRID_INITIALIZE): dy min    =      2.0833333E-002                                                 
 MESSAGE (GRID_INITIALIZE): dz max    =      1.5625000E-002                                                 
 MESSAGE (GRID_INITIALIZE): dz min    =      1.5625000E-002                                                 
 MESSAGE (GRID_INITIALIZE): dx/dy max =      5.0000000E-001                                                 
 MESSAGE (GRID_INITIALIZE): dx/dy min =      5.0000000E-001                                                 
 MESSAGE (GRID_INITIALIZE): dx/dz max =      6.6666667E-001                                                 
 MESSAGE (GRID_INITIALIZE): dx/dz min =      6.6666667E-001                                                 
 MESSAGE (GRID_INITIALIZE): dy/dz max =      1.3333333E+000                                                 
 MESSAGE (GRID_INITIALIZE): dy/dz min =      1.3333333E+000                                                 
 MESSAGE (GRID_INITIALIZE): =============================================                                   
 MESSAGE (PB_INIT): Initializing state variables.
 MESSAGE (STATE_INITIALIZE): Will initialize variable "CHARGE" from file "rhs_test.dat"
 MESSAGE (STATE_INITIALIZE): Using ASCII mode
 MESSAGE (STATE_INITIALIZE): CHEST format will be used
 MESSAGE (FILES_OPEN): Opening FORMATTED file "rhs_test.dat" for reading.
 MESSAGE (FILES_CLOSE): Closing unit 101 
 MESSAGE (CHEST_READ_SCALAR): ASCII scalar file "rhs_test.dat" read.
 MESSAGE (PB_INIT): Initializing boundary condition variables.
 MESSAGE (BC_INITIALIZE): Reading boundary conditions from file xbc0_test.dat
 MESSAGE (FILES_OPEN): Opening FORMATTED file "xbc0_test.dat" for reading.
 MESSAGE (FILES_CLOSE): Closing unit 101 
 MESSAGE (BC_INITIALIZE): Reading boundary conditions from file xbc1_test.dat
 MESSAGE (FILES_OPEN): Opening FORMATTED file "xbc1_test.dat" for reading.
 MESSAGE (FILES_CLOSE): Closing unit 101 
 MESSAGE (BC_INITIALIZE): Reading boundary conditions from file ybc0_test.dat
 MESSAGE (FILES_OPEN): Opening FORMATTED file "ybc0_test.dat" for reading.
 MESSAGE (FILES_CLOSE): Closing unit 101 
 MESSAGE (BC_INITIALIZE): Reading boundary conditions from file ybc1_test.dat
 MESSAGE (FILES_OPEN): Opening FORMATTED file "ybc1_test.dat" for reading.
 MESSAGE (FILES_CLOSE): Closing unit 101 
 MESSAGE (BC_INITIALIZE): Reading boundary conditions from file zbc0_test.dat
 MESSAGE (FILES_OPEN): Opening FORMATTED file "zbc0_test.dat" for reading.
 MESSAGE (FILES_CLOSE): Closing unit 101 
 MESSAGE (BC_INITIALIZE): Reading boundary conditions from file zbc1_test.dat
 MESSAGE (FILES_OPEN): Opening FORMATTED file "zbc1_test.dat" for reading.
 MESSAGE (FILES_CLOSE): Closing unit 101 
 MESSAGE (MULTIGRID_INIT): Setting maximum number of grid levels to 20
 MESSAGE (MULTIGRID_INIT): Setting multigrid smoother to "JACOBI-TILED-LM"
 NONFATAL WARNING (MULTIGRID_INIT): smoother tile size unspecified. Defaulting to 256 
 MESSAGE (MULTIGRID_INIT): Setting number of smoother iterations to 2
 MESSAGE (MULTIGRID_INIT): Setting maximum number of cycles to 25
 NONFATAL WARNING (MULTIGRID_INIT): Number of cycles before first convergence test unspecified. Defaulting to 0
 NONFATAL WARNING (MULTIGRID_INIT): compute-initial-residual unspecified. Defaulting to YES
 NONFATAL WARNING (MULTIGRID_INIT): maximum residual unspecified. Defaulting to     0.5000000000E-15
 MESSAGE (MULTIGRID_INIT): Setting over-relaxation parameter to 0.93
 MESSAGE (MULTIGRID_INIT): NUMBER OF MULTIGRID LEVELS IS 6 
 MESSAGE (PB_SOLVE): CALLING MULTIGRID SOLVER
./test3d-2: line 232: 27206 Segmentation fault      (core dumped) ./ches < test.dat
 Comparing to analytical solution...
ipo: remark #11001: performing single-file optimizations
ipo: remark #11006: generating object file /tmp/ipo_ifortbebsIb.o
forrtl: No such file or directory
forrtl: severe (29): file not found, unit 1, file /home/surgeon/projects/chest/test/xyz_test.xyz
Image              PC        Routine            Line        Source             
compare            08091A13  Unknown               Unknown  Unknown
compare            08090730  Unknown               Unknown  Unknown
compare            0806472E  Unknown               Unknown  Unknown
compare            0804BFBC  Unknown               Unknown  Unknown
compare            0804B8BA  Unknown               Unknown  Unknown
compare            08052106  Unknown               Unknown  Unknown
compare            080495C4  Unknown               Unknown  Unknown
compare            08048E94  Unknown               Unknown  Unknown
compare            0809F86A  Unknown               Unknown  Unknown
(standard_in) 1: syntax error
./test3d-2: line 303: [: -eq: unary operator expected
 The maximum absolute error is  at grid point [,,]
 Comparing with maximum allowed error (0.01)
(standard_in) 1: syntax error
./test3d-2: line 311: [: -eq: unary operator expected
 TEST FAILED
 ********************************************************************************************
